19:31:30 **** Build of configuration Debug for project app ****
make -j8 all 
arm-none-eabi-gcc "../rt-thread/src/clock.c"
arm-none-eabi-gcc "../rt-thread/src/components.c"
arm-none-eabi-gcc "../rt-thread/src/device.c"
arm-none-eabi-gcc "../rt-thread/src/idle.c"
arm-none-eabi-gcc "../rt-thread/src/ipc.c"
arm-none-eabi-gcc "../rt-thread/src/irq.c"
arm-none-eabi-gcc "../rt-thread/src/kservice.c"
arm-none-eabi-gcc "../rt-thread/src/mem.c"
arm-none-eabi-gcc "../rt-thread/src/mempool.c"
arm-none-eabi-gcc "../rt-thread/src/object.c"
arm-none-eabi-gcc "../rt-thread/src/scheduler.c"
arm-none-eabi-gcc "../rt-thread/src/signal.c"
arm-none-eabi-gcc "../rt-thread/src/thread.c"
arm-none-eabi-gcc "../rt-thread/src/timer.c"
arm-none-eabi-gcc "../rt-thread/libcpu/arm/cortex-m4/context_gcc.S"
arm-none-eabi-gcc "../rt-thread/libcpu/arm/cortex-m4/cpuport.c"
arm-none-eabi-gcc "../rt-thread/libcpu/arm/common/backtrace.c"
arm-none-eabi-gcc "../rt-thread/libcpu/arm/common/div0.c"
arm-none-eabi-gcc "../rt-thread/libcpu/arm/common/showmem.c"
arm-none-eabi-gcc "../rt-thread/components/libc/compilers/minilibc/ctype.c"
arm-none-eabi-gcc "../rt-thread/components/libc/compilers/minilibc/math.c"
arm-none-eabi-gcc "../rt-thread/components/libc/compilers/minilibc/qsort.c"
arm-none-eabi-gcc "../rt-thread/components/libc/compilers/minilibc/rand.c"
arm-none-eabi-gcc "../rt-thread/components/libc/compilers/minilibc/stdlib.c"
arm-none-eabi-gcc "../rt-thread/components/libc/compilers/minilibc/string.c"
arm-none-eabi-gcc "../rt-thread/components/libc/compilers/minilibc/time.c"
arm-none-eabi-gcc "../rt-thread/components/finsh/cmd.c"
arm-none-eabi-gcc "../rt-thread/components/finsh/msh.c"
arm-none-eabi-gcc "../rt-thread/components/finsh/msh_file.c"
arm-none-eabi-gcc "../rt-thread/components/finsh/shell.c"
arm-none-eabi-gcc "../rt-thread/components/drivers/watchdog/watchdog.c"
arm-none-eabi-gcc "../rt-thread/components/drivers/src/completion.c"
arm-none-eabi-gcc "../rt-thread/components/drivers/src/dataqueue.c"
arm-none-eabi-gcc "../rt-thread/components/drivers/src/pipe.c"
arm-none-eabi-gcc "../rt-thread/components/drivers/src/ringblk_buf.c"
arm-none-eabi-gcc "../rt-thread/components/drivers/src/ringbuffer.c"
arm-none-eabi-gcc "../rt-thread/components/drivers/src/waitqueue.c"
arm-none-eabi-gcc "../rt-thread/components/drivers/src/workqueue.c"
arm-none-eabi-gcc "../rt-thread/components/drivers/spi/sfud/src/sfud.c"
arm-none-eabi-gcc "../rt-thread/components/drivers/spi/sfud/src/sfud_sfdp.c"
arm-none-eabi-gcc "../rt-thread/components/drivers/spi/spi_core.c"
arm-none-eabi-gcc "../rt-thread/components/drivers/spi/spi_dev.c"
arm-none-eabi-gcc "../rt-thread/components/drivers/spi/spi_flash_sfud.c"
arm-none-eabi-gcc "../rt-thread/components/drivers/serial/serial.c"
arm-none-eabi-gcc "../rt-thread/components/drivers/mtd/mtd_nor.c"
arm-none-eabi-gcc "../rt-thread/components/drivers/misc/pin.c"
arm-none-eabi-gcc "../rt-thread/components/dfs/src/dfs.c"
arm-none-eabi-gcc "../rt-thread/components/dfs/src/dfs_file.c"
arm-none-eabi-gcc "../rt-thread/components/dfs/src/dfs_fs.c"
arm-none-eabi-gcc "../rt-thread/components/dfs/src/dfs_posix.c"
arm-none-eabi-gcc "../rt-thread/components/dfs/filesystems/devfs/devfs.c"
arm-none-eabi-gcc "../packages/littlefs-v2.0.5/dfs_lfs.c"
arm-none-eabi-gcc "../packages/littlefs-v2.0.5/lfs.c"
arm-none-eabi-gcc "../packages/littlefs-v2.0.5/lfs_crc.c"
arm-none-eabi-gcc "../packages/littlefs-v2.0.5/lfs_util.c"
arm-none-eabi-gcc "../packages/fal-v0.5.0/src/fal.c"
arm-none-eabi-gcc "../packages/fal-v0.5.0/src/fal_flash.c"
arm-none-eabi-gcc "../packages/fal-v0.5.0/src/fal_flash_sfud_port.c"
arm-none-eabi-gcc "../packages/fal-v0.5.0/src/fal_flash_stm32f4_port.c"
arm-none-eabi-gcc "../packages/fal-v0.5.0/src/fal_partition.c"
arm-none-eabi-gcc "../packages/fal-v0.5.0/src/fal_rtt.c"
arm-none-eabi-gcc "../libraries/STM32F4xx_HAL_Driver/Src/Legacy/stm32f4xx_hal_can.c"
arm-none-eabi-gcc "../libraries/STM32F4xx_HAL_Driver/Src/stm32f4xx_hal.c"
arm-none-eabi-gcc "../libraries/STM32F4xx_HAL_Driver/Src/stm32f4xx_hal_adc.c"
arm-none-eabi-gcc "../libraries/STM32F4xx_HAL_Driver/Src/stm32f4xx_hal_adc_ex.c"
arm-none-eabi-gcc "../libraries/STM32F4xx_HAL_Driver/Src/stm32f4xx_hal_can.c"
arm-none-eabi-gcc "../libraries/STM32F4xx_HAL_Driver/Src/stm32f4xx_hal_cec.c"
arm-none-eabi-gcc "../libraries/STM32F4xx_HAL_Driver/Src/stm32f4xx_hal_cortex.c"
arm-none-eabi-gcc "../libraries/STM32F4xx_HAL_Driver/Src/stm32f4xx_hal_crc.c"
arm-none-eabi-gcc "../libraries/STM32F4xx_HAL_Driver/Src/stm32f4xx_hal_cryp.c"
arm-none-eabi-gcc "../libraries/STM32F4xx_HAL_Driver/Src/stm32f4xx_hal_cryp_ex.c"
arm-none-eabi-gcc "../libraries/STM32F4xx_HAL_Driver/Src/stm32f4xx_hal_dac.c"
arm-none-eabi-gcc "../libraries/STM32F4xx_HAL_Driver/Src/stm32f4xx_hal_dac_ex.c"
arm-none-eabi-gcc "../libraries/STM32F4xx_HAL_Driver/Src/stm32f4xx_hal_dcmi.c"
arm-none-eabi-gcc "../libraries/STM32F4xx_HAL_Driver/Src/stm32f4xx_hal_dcmi_ex.c"
arm-none-eabi-gcc "../libraries/STM32F4xx_HAL_Driver/Src/stm32f4xx_hal_dfsdm.c"
arm-none-eabi-gcc "../libraries/STM32F4xx_HAL_Driver/Src/stm32f4xx_hal_dma.c"
arm-none-eabi-gcc "../libraries/STM32F4xx_HAL_Driver/Src/stm32f4xx_hal_dma2d.c"
arm-none-eabi-gcc "../libraries/STM32F4xx_HAL_Driver/Src/stm32f4xx_hal_dma_ex.c"
arm-none-eabi-gcc "../libraries/STM32F4xx_HAL_Driver/Src/stm32f4xx_hal_dsi.c"
arm-none-eabi-gcc "../libraries/STM32F4xx_HAL_Driver/Src/stm32f4xx_hal_eth.c"
arm-none-eabi-gcc "../libraries/STM32F4xx_HAL_Driver/Src/stm32f4xx_hal_exti.c"
arm-none-eabi-gcc "../libraries/STM32F4xx_HAL_Driver/Src/stm32f4xx_hal_flash.c"
arm-none-eabi-gcc "../libraries/STM32F4xx_HAL_Driver/Src/stm32f4xx_hal_flash_ex.c"
arm-none-eabi-gcc "../libraries/STM32F4xx_HAL_Driver/Src/stm32f4xx_hal_flash_ramfunc.c"
arm-none-eabi-gcc "../libraries/STM32F4xx_HAL_Driver/Src/stm32f4xx_hal_fmpi2c.c"
arm-none-eabi-gcc "../libraries/STM32F4xx_HAL_Driver/Src/stm32f4xx_hal_fmpi2c_ex.c"
arm-none-eabi-gcc "../libraries/STM32F4xx_HAL_Driver/Src/stm32f4xx_hal_gpio.c"
arm-none-eabi-gcc "../libraries/STM32F4xx_HAL_Driver/Src/stm32f4xx_hal_hash.c"
arm-none-eabi-gcc "../libraries/STM32F4xx_HAL_Driver/Src/stm32f4xx_hal_hash_ex.c"
arm-none-eabi-gcc "../libraries/STM32F4xx_HAL_Driver/Src/stm32f4xx_hal_hcd.c"
arm-none-eabi-gcc "../libraries/STM32F4xx_HAL_Driver/Src/stm32f4xx_hal_i2c.c"
arm-none-eabi-gcc "../libraries/STM32F4xx_HAL_Driver/Src/stm32f4xx_hal_i2c_ex.c"
arm-none-eabi-gcc "../libraries/STM32F4xx_HAL_Driver/Src/stm32f4xx_hal_i2s.c"
arm-none-eabi-gcc "../libraries/STM32F4xx_HAL_Driver/Src/stm32f4xx_hal_i2s_ex.c"
arm-none-eabi-gcc "../libraries/STM32F4xx_HAL_Driver/Src/stm32f4xx_hal_irda.c"
arm-none-eabi-gcc "../libraries/STM32F4xx_HAL_Driver/Src/stm32f4xx_hal_iwdg.c"
arm-none-eabi-gcc "../libraries/STM32F4xx_HAL_Driver/Src/stm32f4xx_hal_lptim.c"
arm-none-eabi-gcc "../libraries/STM32F4xx_HAL_Driver/Src/stm32f4xx_hal_ltdc.c"
arm-none-eabi-gcc "../libraries/STM32F4xx_HAL_Driver/Src/stm32f4xx_hal_ltdc_ex.c"
arm-none-eabi-gcc "../libraries/STM32F4xx_HAL_Driver/Src/stm32f4xx_hal_mmc.c"
arm-none-eabi-gcc "../libraries/STM32F4xx_HAL_Driver/Src/stm32f4xx_hal_nand.c"
arm-none-eabi-gcc "../libraries/STM32F4xx_HAL_Driver/Src/stm32f4xx_hal_nor.c"
arm-none-eabi-gcc "../libraries/STM32F4xx_HAL_Driver/Src/stm32f4xx_hal_pccard.c"
arm-none-eabi-gcc "../libraries/STM32F4xx_HAL_Driver/Src/stm32f4xx_hal_pcd.c"
arm-none-eabi-gcc "../libraries/STM32F4xx_HAL_Driver/Src/stm32f4xx_hal_pcd_ex.c"
arm-none-eabi-gcc "../libraries/STM32F4xx_HAL_Driver/Src/stm32f4xx_hal_pwr.c"
arm-none-eabi-gcc "../libraries/STM32F4xx_HAL_Driver/Src/stm32f4xx_hal_pwr_ex.c"
arm-none-eabi-gcc "../libraries/STM32F4xx_HAL_Driver/Src/stm32f4xx_hal_qspi.c"
arm-none-eabi-gcc "../libraries/STM32F4xx_HAL_Driver/Src/stm32f4xx_hal_rcc.c"
arm-none-eabi-gcc "../libraries/STM32F4xx_HAL_Driver/Src/stm32f4xx_hal_rcc_ex.c"
arm-none-eabi-gcc "../libraries/STM32F4xx_HAL_Driver/Src/stm32f4xx_hal_rng.c"
arm-none-eabi-gcc "../libraries/STM32F4xx_HAL_Driver/Src/stm32f4xx_hal_rtc.c"
arm-none-eabi-gcc "../libraries/STM32F4xx_HAL_Driver/Src/stm32f4xx_hal_rtc_ex.c"
arm-none-eabi-gcc "../libraries/STM32F4xx_HAL_Driver/Src/stm32f4xx_hal_sai.c"
arm-none-eabi-gcc "../libraries/STM32F4xx_HAL_Driver/Src/stm32f4xx_hal_sai_ex.c"
arm-none-eabi-gcc "../libraries/STM32F4xx_HAL_Driver/Src/stm32f4xx_hal_sd.c"
arm-none-eabi-gcc "../libraries/STM32F4xx_HAL_Driver/Src/stm32f4xx_hal_sdram.c"
arm-none-eabi-gcc "../libraries/STM32F4xx_HAL_Driver/Src/stm32f4xx_hal_smartcard.c"
arm-none-eabi-gcc "../libraries/STM32F4xx_HAL_Driver/Src/stm32f4xx_hal_smbus.c"
arm-none-eabi-gcc "../libraries/STM32F4xx_HAL_Driver/Src/stm32f4xx_hal_spdifrx.c"
arm-none-eabi-gcc "../libraries/STM32F4xx_HAL_Driver/Src/stm32f4xx_hal_spi.c"
arm-none-eabi-gcc "../libraries/STM32F4xx_HAL_Driver/Src/stm32f4xx_hal_sram.c"
arm-none-eabi-gcc "../libraries/STM32F4xx_HAL_Driver/Src/stm32f4xx_hal_tim.c"
arm-none-eabi-gcc "../libraries/STM32F4xx_HAL_Driver/Src/stm32f4xx_hal_tim_ex.c"
arm-none-eabi-gcc "../libraries/STM32F4xx_HAL_Driver/Src/stm32f4xx_hal_uart.c"
arm-none-eabi-gcc "../libraries/STM32F4xx_HAL_Driver/Src/stm32f4xx_hal_usart.c"
arm-none-eabi-gcc "../libraries/STM32F4xx_HAL_Driver/Src/stm32f4xx_hal_wwdg.c"
arm-none-eabi-gcc "../libraries/STM32F4xx_HAL_Driver/Src/stm32f4xx_ll_usb.c"
arm-none-eabi-gcc "../libraries/CMSIS/Device/ST/STM32F4xx/Source/Templates/gcc/startup_stm32f407xx.S"
arm-none-eabi-gcc "../libraries/CMSIS/Device/ST/STM32F4xx/Source/Templates/system_stm32f4xx.c"
arm-none-eabi-gcc "../drivers/board.c"
arm-none-eabi-gcc "../drivers/drv_adc.c"
arm-none-eabi-gcc "../drivers/drv_clk.c"
arm-none-eabi-gcc "../drivers/drv_common.c"
arm-none-eabi-gcc "../drivers/drv_eth.c"
arm-none-eabi-gcc "../drivers/drv_flash_ext.c"
arm-none-eabi-gcc "../drivers/drv_flash_f4.c"
arm-none-eabi-gcc "../drivers/drv_gpio.c"
../drivers/drv_flash_ext.c: In function 'w25q_spi_device_init':
../drivers/drv_flash_ext.c:59:21: warning: implicit declaration of function 'rt_sfud_flash_probe' [-Wimplicit-function-declaration]
         if (NULL == rt_sfud_flash_probe("W25Q16", "spi10")) {
                     ^
arm-none-eabi-gcc "../drivers/drv_hwtimer.c"
arm-none-eabi-gcc "../drivers/drv_pwm.c"
arm-none-eabi-gcc "../drivers/drv_qspi.c"
arm-none-eabi-gcc "../drivers/drv_rtc.c"
arm-none-eabi-gcc "../drivers/drv_sdio.c"
arm-none-eabi-gcc "../drivers/drv_soft_i2c.c"
arm-none-eabi-gcc "../drivers/drv_spi.c"
arm-none-eabi-gcc "../drivers/drv_usart.c"
arm-none-eabi-gcc "../drivers/drv_usbd.c"
arm-none-eabi-gcc "../drivers/drv_usbh.c"
arm-none-eabi-gcc "../drivers/drv_wdt.c"
arm-none-eabi-gcc "../applications/rthardware/button.c"
arm-none-eabi-gcc "../applications/rthardware/file.c"
arm-none-eabi-gcc "../applications/rthardware/gpio.c"
arm-none-eabi-gcc "../applications/rthardware/hw_init.c"
arm-none-eabi-gcc "../applications/rthardware/iwdt.c"
arm-none-eabi-gcc "../applications/rthardware/led.c"
arm-none-eabi-gcc "../applications/app_pool/background/button_example.c"
arm-none-eabi-gcc "../applications/app_pool/background/heartbeat.c"
arm-none-eabi-gcc "../applications/app_pool/background/task_monitor.c"
arm-none-eabi-gcc "../applications/app_pool/app_pool.c"
arm-none-eabi-gcc "../applications/main.c"
linking...
arm-none-eabi-objcopy -O binary "rtthread.elf"  "rtthread.bin"
arm-none-eabi-size --format=berkeley "rtthread.elf"
   text	   data	    bss	    dec	    hex	filename
 141824	   2016	   4428	 148268	  2432c	rtthread.elf

              Used Size(B)           Used Size(KB)
Flash:         143840 B              140.47 KB
RAM:             6444 B                6.29 KB

19:32:17 Build Finished. 0 errors, 1 warnings. (took 47s.41ms)

